// Jest Snapshot v1, https://goo.gl/fbAQLP

exports[`should render children correctly 1`] = `
<div>
  Test
</div>
`;
