// Jest Snapshot v1, https://goo.gl/fbAQLP

exports[`should render correctly 1`] = `
<div
  className="layerNode-Option-Container"
  elevation={2}
>
  <p
    className="layerNode-Option-slider-label"
  >
    Opacit√© 
    0
    %
  </p>
</div>
`;
