// Jest Snapshot v1, https://goo.gl/fbAQLP

exports[`should render 1`] = `
<span
  className="bp3-popover-wrapper"
>
  <span
    className="bp3-popover-target"
    onBlur={[Function]}
    onFocus={[Function]}
    onMouseEnter={[Function]}
    onMouseLeave={[Function]}
  >
    <button
      aria-label="Home"
      className="mapboxgl-ctrl-icon"
      onClick={[Function]}
      tabIndex={0}
      type="button"
    >
      <span
        className="bp3-icon bp3-icon-home"
        icon="home"
      >
        <svg
          data-icon="home"
          height={16}
          viewBox="0 0 16 16"
          width={16}
        >
          <desc>
            home
          </desc>
          <path
            d="M2 10v5c0 .55.45 1 1 1h3v-5h4v5h3c.55 0 1-.45 1-1v-5L8 4l-6 6zm13.71-2.71L14 5.59V2c0-.55-.45-1-1-1s-1 .45-1 1v1.59L8.71.29C8.53.11 8.28 0 8 0s-.53.11-.71.29l-7 7a1.003 1.003 0 001.42 1.42L8 2.41l6.29 6.29c.18.19.43.3.71.3a1.003 1.003 0 00.71-1.71z"
            fillRule="evenodd"
          />
        </svg>
      </span>
    </button>
  </span>
</span>
`;
