// Jest Snapshot v1, https://goo.gl/fbAQLP

exports[`should render correctly 1`] = `
RenderColumn {
  "comparator": [Function],
  "props": Object {
    "display": true,
    "index": 1,
    "sortable": true,
    "value": "Label1",
  },
  "renderMenu": [Function],
}
`;
