// Jest Snapshot v1, https://goo.gl/fbAQLP

exports[`should render 1`] = `
<div
  className="bp3-callout too-many-results"
>
  terralego.visualizer.too_many_results_count
</div>
`;
