// Jest Snapshot v1, https://goo.gl/fbAQLP

exports[`should render correctly 1`] = `
<span
  className="Tooltip"
>
  <button
    className="mapboxgl-ctrl-icon"
    type="button"
  >
    <span
      className="Popover"
    >
      <span>
        Icon
      </span>
    </span>
  </button>
</span>
`;
