// Jest Snapshot v1, https://goo.gl/fbAQLP

exports[`should render correctly 1`] = `
<div
  className="layerNode-Option-Container"
  elevation={2}
>
  <div>
    <p
      className=" layerNode-Option-slider-label"
    >
      Opacit√© (0%)
    </p>
    <div
      className="bp3-slider bp3-slider-unlabeled"
      onMouseDown={[Function]}
      onTouchStart={[Function]}
    >
      <div
        className="bp3-slider-track"
      >
        <div
          className="bp3-slider-progress bp3-intent-primary"
          style={
            Object {
              "left": "0.00%",
              "right": "100.00%",
              "top": 0,
            }
          }
        />
        <div
          className="bp3-slider-progress"
          style={
            Object {
              "left": "0.00%",
              "right": "100.00%",
              "top": 0,
            }
          }
        />
        <div
          className="bp3-slider-progress"
          style={
            Object {
              "left": "0.00%",
              "right": "100.00%",
              "top": 0,
            }
          }
        />
      </div>
      <div
        className="bp3-slider-axis"
      />
      <span
        className="bp3-slider-handle"
        onKeyDown={[Function]}
        onKeyUp={[Function]}
        onMouseDown={[Function]}
        onTouchStart={[Function]}
        style={
          Object {
            "left": "calc(0.00% - 0px)",
          }
        }
        tabIndex={0}
      />
    </div>
  </div>
</div>
`;
