// Jest Snapshot v1, https://goo.gl/fbAQLP

exports[`should render 1`] = `
<button
  aria-label="Share your map"
  className="mapboxgl-ctrl-icon"
  onClick={[Function]}
  type="button"
>
  Icon
</button>
`;
