// Jest Snapshot v1, https://goo.gl/fbAQLP

exports[`should render correctly 1`] = `
Array [
  <div
    className="layerNode-label-container"
  >
    <p>
      Switch
    </p>
    <div
      className="layerNode-options"
    >
      <p>
        Button
      </p>
    </div>
  </div>,
  <p>
    LayersTreeItemFilters
  </p>,
  <div
    className="layerNode-label-container"
  >
    <p>
      Switch
    </p>
    <div
      className="layerNode-options"
    />
  </div>,
  <p>
    LayersTreeItemFilters
  </p>,
  <div
    className="layerNode-label-container"
  >
    <p>
      Switch
    </p>
    <div
      className="layerNode-options"
    >
      <p>
        Button
      </p>
    </div>
  </div>,
  <p>
    LayersTreeSubItemsList
  </p>,
  <p>
    LayersTreeItemFilters
  </p>,
  <div
    className="layerNode-label-container"
  >
    <p>
      Switch
    </p>
    <div
      className="layerNode-options"
    />
  </div>,
  <p>
    LayersTreeItemFilters
  </p>,
]
`;
