// Jest Snapshot v1, https://goo.gl/fbAQLP

exports[`should render a tooltip 1`] = `null`;
