// Jest Snapshot v1, https://goo.gl/fbAQLP

exports[`header snapshot should render correctly 1`] = `null`;

exports[`header snapshot should render correctly with title 1`] = `null`;
