// Jest Snapshot v1, https://goo.gl/fbAQLP

exports[`should render correctly 1`] = `
<div
  className="control-container"
>
  <p
    className="control-label"
  >
    My range
  </p>
  <p>
    Range
  </p>
</div>
`;
