// Jest Snapshot v1, https://goo.gl/fbAQLP

exports[`should build a form 1`] = `
<div>
  <p>
    ControlText
  </p>
  <p>
    ControlSelect
  </p>
  <p>
    ControlSelect with initialContent set to
    <p>
      Enter a query first
    </p>
  </p>
  <p>
    ControlCheckboxes
  </p>
  <p>
    ControlMultiSelect
  </p>
  <p>
    ControlRange
  </p>
  <div
    className="control-container"
  >
    <p>
      Switch
    </p>
  </div>
</div>
`;
