// Jest Snapshot v1, https://goo.gl/fbAQLP

exports[`should render correctly the component 1`] = `"HeaderLink"`;
