// Jest Snapshot v1, https://goo.gl/fbAQLP

exports[`should render 1`] = `[Function]`;

exports[`should render an error message 1`] = `[Function]`;
